../Core/Src/main.c:74:11:SetHandler	4	static
../Core/Src/main.c:82:11:IdleHandler	4	static
../Core/Src/main.c:87:11:HeatHandler	4	static
../Core/Src/main.c:92:11:CoolHandler	4	static
../Core/Src/main.c:97:11:RangeHandler	4	static
../Core/Src/main.c:106:6:displayStatus	8	static
../Core/Src/main.c:112:6:displayFinishedMSG	4	static
../Core/Src/main.c:121:5:main	16	static
../Core/Src/main.c:193:6:SystemClock_Config	88	static
../Core/Src/main.c:235:13:MX_USART3_UART_Init	8	static
../Core/Src/main.c:270:13:MX_GPIO_Init	56	static
../Core/Src/main.c:374:6:Error_Handler	4	static,ignoring_inline_asm
