../Core/Src/main.cpp:113:6:void getTemps()	8	static
../Core/Src/main.cpp:119:6:bool ignition()	8	static
../Core/Src/main.cpp:131:6:void turnGrillOn()	8	static
../Core/Src/main.cpp:141:6:void turnGrillOff()	8	static
../Core/Src/main.cpp:148:6:void getUserTemps()	4	static
../Core/Src/main.cpp:161:6:void displayStatus()	16	static
../Core/Src/main.cpp:171:6:void displayFinishedMSG()	8	static
../Core/Src/main.cpp:176:11:FSM_State SetHandler()	4	static
../Core/Src/main.cpp:184:11:FSM_State IdleHandler()	8	static
../Core/Src/main.cpp:191:11:FSM_State HeatHandler()	8	static
../Core/Src/main.cpp:206:11:FSM_State CoolHandler()	8	static
../Core/Src/main.cpp:220:11:FSM_State RangeHandler()	8	static
../Core/Src/main.cpp:236:5:int main()	16	static
../Core/Src/main.cpp:312:6:void SystemClock_Config()	88	static
../Core/Src/main.cpp:354:13:void MX_TIM1_Init()	112	static
../Core/Src/main.cpp:434:13:void MX_TIM3_Init()	40	static
../Core/Src/main.cpp:479:13:void MX_USART3_UART_Init()	8	static
../Core/Src/main.cpp:514:13:void MX_GPIO_Init()	56	static
../Core/Src/main.cpp:632:6:void Error_Handler()	4	static,ignoring_inline_asm
../Core/Src/main.cpp:641:1:void __static_initialization_and_destruction_0(int, int)	16	static
../Core/Src/main.cpp:641:1:cpp)	8	static
